^getpid .*(__kernel_vsyscaln )?(__)?getpid f3 f2 f1 f0 main
^SIGURG .*(__kernel_vsyscaln )?(__)?kill f3 f2 f1 f0 main
