   { 0x00000028, 0x34001c00, 0x00011400, 0x00010002 },
