   { 0x00e00040, 0x20007fbd, 0x008d0f64, 0x3f9d70a4 },
   { 0x00e00040, 0x200077bd, 0x008d0f64, 0x008d0020 },
   { 0x00e00040, 0x2f6477bd, 0x008d0000, 0x008d0020 },
