   { 0x00000024, 0x34001c00, 0x00011400, 0x00010002 },
