   { 0x00000025, 0x00001c00, 0x00000000, 0x00010000 },
