   { 0x0000002a, 0x34001c00, 0x00011400, 0x00000002 },
