   { 0x00000022, 0x34001c00, 0x00011400, 0x00000002 },
