   { 0x00000001, 0x20000061, 0x00000000, 0xffffffff },
   { 0x00000001, 0x200000e1, 0x00000000, 0x7fffffff },
   { 0x00000001, 0x200000e1, 0x00000000, 0x80000000 },
