   { 0x0000004a, 0x20000021, 0x00000020, 0x00000000 },
