   { 0x00000004, 0x20000021, 0x00000020, 0x00000000 },
