   { 0x00000045, 0x200003a1, 0x00000020, 0x00000000 },
