   { 0x00000044, 0x200003a1, 0x00000020, 0x00000000 },
