   { 0x00000047, 0x200003a1, 0x00000020, 0x00000000 },
