   { 0x00000030, 0x20000000, 0x00001200, 0x00010000 },
