   { 0x00000027, 0x34001c00, 0x00011400, 0x0000fffe },
